C:\Users\maiti\OneDrive\Desktop\ASM.NET\YoutubeMusicPlayer\Controllers\SubscriptionController.cs(55,22): error CS0103: The name 'GetCurrentUserId' does not exist in the current context [C:\Users\maiti\OneDrive\Desktop\ASM.NET\YoutubeMusicPlayer\YoutubeMusicPlayer.csproj]
C:\Users\maiti\OneDrive\Desktop\ASM.NET\YoutubeMusicPlayer\Controllers\SubscriptionController.cs(66,22): error CS0103: The name 'GetCurrentUserId' does not exist in the current context [C:\Users\maiti\OneDrive\Desktop\ASM.NET\YoutubeMusicPlayer\YoutubeMusicPlayer.csproj]
C:\Users\maiti\OneDrive\Desktop\ASM.NET\YoutubeMusicPlayer\Controllers\SubscriptionController.cs(79,22): error CS0103: The name 'GetCurrentUserId' does not exist in the current context [C:\Users\maiti\OneDrive\Desktop\ASM.NET\YoutubeMusicPlayer\YoutubeMusicPlayer.csproj]
C:\Users\maiti\OneDrive\Desktop\ASM.NET\YoutubeMusicPlayer\Controllers\SongController.cs(48,13): error CS0117: 'SongIndexViewModel' does not contain a definition for 'TotalCount' [C:\Users\maiti\OneDrive\Desktop\ASM.NET\YoutubeMusicPlayer\YoutubeMusicPlayer.csproj]
C:\Users\maiti\OneDrive\Desktop\ASM.NET\YoutubeMusicPlayer\Controllers\SongController.cs(50,13): error CS0117: 'SongIndexViewModel' does not contain a definition for 'PageSize' [C:\Users\maiti\OneDrive\Desktop\ASM.NET\YoutubeMusicPlayer\YoutubeMusicPlayer.csproj]
C:\Users\maiti\OneDrive\Desktop\ASM.NET\YoutubeMusicPlayer\Controllers\PaymentController.cs(96,29): error CS1061: 'PaymentLink' does not contain a definition for 'status' and no accessible extension method 'status' accepting a first argument of type 'PaymentLink' could be found (are you missing a using directive or an assembly reference?) [C:\Users\maiti\OneDrive\Desktop\ASM.NET\YoutubeMusicPlayer\YoutubeMusicPlayer.csproj]
C:\Users\maiti\OneDrive\Desktop\ASM.NET\YoutubeMusicPlayer\Controllers\PaymentController.cs(96,61): error CS1061: 'PaymentLink' does not contain a definition for 'status' and no accessible extension method 'status' accepting a first argument of type 'PaymentLink' could be found (are you missing a using directive or an assembly reference?) [C:\Users\maiti\OneDrive\Desktop\ASM.NET\YoutubeMusicPlayer\YoutubeMusicPlayer.csproj]
C:\Users\maiti\OneDrive\Desktop\ASM.NET\YoutubeMusicPlayer\Controllers\PaymentController.cs(99,94): error CS1061: 'PaymentLink' does not contain a definition for 'id' and no accessible extension method 'id' accepting a first argument of type 'PaymentLink' could be found (are you missing a using directive or an assembly reference?) [C:\Users\maiti\OneDrive\Desktop\ASM.NET\YoutubeMusicPlayer\YoutubeMusicPlayer.csproj]
C:\Users\maiti\OneDrive\Desktop\ASM.NET\YoutubeMusicPlayer\Controllers\PaymentController.cs(103,122): error CS1061: 'PaymentLink' does not contain a definition for 'status' and no accessible extension method 'status' accepting a first argument of type 'PaymentLink' could be found (are you missing a using directive or an assembly reference?) [C:\Users\maiti\OneDrive\Desktop\ASM.NET\YoutubeMusicPlayer\YoutubeMusicPlayer.csproj]
C:\Users\maiti\OneDrive\Desktop\ASM.NET\YoutubeMusicPlayer\Controllers\GenreController.cs(37,55): error CS1061: 'IGenreService' does not contain a definition for 'GetSongsByGenrePaginatedAsync' and no accessible extension method 'GetSongsByGenrePaginatedAsync' accepting a first argument of type 'IGenreService' could be found (are you missing a using directive or an assembly reference?) [C:\Users\maiti\OneDrive\Desktop\ASM.NET\YoutubeMusicPlayer\YoutubeMusicPlayer.csproj]
C:\Users\maiti\OneDrive\Desktop\ASM.NET\YoutubeMusicPlayer\Controllers\GenreController.cs(37,14): error CS8130: Cannot infer the type of implicitly-typed deconstruction variable 'songs'. [C:\Users\maiti\OneDrive\Desktop\ASM.NET\YoutubeMusicPlayer\YoutubeMusicPlayer.csproj]
C:\Users\maiti\OneDrive\Desktop\ASM.NET\YoutubeMusicPlayer\Controllers\GenreController.cs(37,21): error CS8130: Cannot infer the type of implicitly-typed deconstruction variable 'totalCount'. [C:\Users\maiti\OneDrive\Desktop\ASM.NET\YoutubeMusicPlayer\YoutubeMusicPlayer.csproj]

Build FAILED.
    38 Warning(s)
    12 Error(s)

Time Elapsed 00:00:09.22
